[SCAN] 开始扫描，等待到 55 秒…
[WAIT] 等待 54.1s 到 14:55:55…
[SCAN] ❌ 零候选
[TG] (未配置bot) ⚠️ 本轮费率扫描无候选
[SCAN] 开始扫描，等待到 55 秒…
[WAIT] 等待 53.7s 到 15:55:55…
[SCAN] ❌ 零候选
[SCAN] 开始扫描，等待到 55 秒…
[WAIT] 等待 52.8s 到 16:59:55…
[SCAN] ✅ 1 个候选，已写入 /home/ubuntu/.openclaw/workspace/funding_rebound/funding_candidates.json
   DEXEUSDT               short  费率=-0.5266%  倒计时=4.6s  周期=1h
[SCAN] 开始扫描，等待到 55 秒…
[WAIT] 等待 52.5s 到 17:59:55…
[SCAN] ✅ 1 个候选，已写入 /home/ubuntu/.openclaw/workspace/funding_rebound/funding_candidates.json
   DEXEUSDT               short  费率=-0.6159%  倒计时=4.5s  周期=1h
[SCAN] 开始扫描，等待到 55 秒…
[WAIT] 等待 52.5s 到 18:59:55…
[SCAN] ✅ 1 个候选，已写入 /home/ubuntu/.openclaw/workspace/funding_rebound/funding_candidates.json
   DEXEUSDT               short  费率=-0.7748%  倒计时=4.6s  周期=1h
[SCAN] 开始扫描，等待到 55 秒…
[WAIT] 等待 54.3s 到 19:59:55…
[SCAN] ✅ 5 个候选，已写入 /home/ubuntu/.openclaw/workspace/funding_rebound/funding_candidates.json
   TLMUSDT                short  费率=-0.5219%  倒计时=4.7s  周期=4h
   LPTUSDT                short  费率=-0.5171%  倒计时=4.7s  周期=4h
   VANRYUSDT              short  费率=-0.7432%  倒计时=4.7s  周期=4h
   DEXEUSDT               short  费率=-1.2773%  倒计时=4.7s  周期=1h
   EULUSDT                short  费率=-0.9412%  倒计时=4.7s  周期=4h
[SCAN] 开始扫描，等待到 55 秒…
[WAIT] 等待 54.0s 到 20:59:55…
[SCAN] ✅ 1 个候选，已写入 /home/ubuntu/.openclaw/workspace/funding_rebound/funding_candidates.json
   DEXEUSDT               short  费率=-0.3909%  倒计时=4.6s  周期=1h
[SCAN] 开始扫描，等待到 55 秒…
[WAIT] 等待 52.9s 到 21:59:55…
[SCAN] ✅ 1 个候选，已写入 /home/ubuntu/.openclaw/workspace/funding_rebound/funding_candidates.json
   DEXEUSDT               short  费率=-0.3145%  倒计时=4.6s  周期=1h
[SCAN] 开始扫描，等待到 55 秒…
[WAIT] 等待 53.4s 到 22:59:55…
[SCAN] ✅ 1 个候选，已写入 /home/ubuntu/.openclaw/workspace/funding_rebound/funding_candidates.json
   DEXEUSDT               short  费率=-0.2995%  倒计时=4.6s  周期=1h
[SCAN] 开始扫描，等待到 55 秒…
[WAIT] 等待 52.9s 到 23:59:55…
[SCAN] ✅ 5 个候选，已写入 /home/ubuntu/.openclaw/workspace/funding_rebound/funding_candidates.json
   TLMUSDT                short  费率=-0.4248%  倒计时=4.6s  周期=4h
   VANRYUSDT              short  费率=-0.9514%  倒计时=4.6s  周期=4h
   DEXEUSDT               short  费率=-0.3228%  倒计时=4.6s  周期=1h
   EULUSDT                short  费率=-1.0555%  倒计时=4.6s  周期=4h
   ESPUSDT                short  费率=-1.0226%  倒计时=4.6s  周期=4h
[SCAN] 开始扫描，等待到 55 秒…
[WAIT] 等待 53.0s 到 00:59:55…
[SCAN] ✅ 1 个候选，已写入 /home/ubuntu/.openclaw/workspace/funding_rebound/funding_candidates.json
   DEXEUSDT               short  费率=-0.3596%  倒计时=4.7s  周期=1h
[SCAN] 开始扫描，等待到 55 秒…
[WAIT] 等待 53.2s 到 01:59:55…
[SCAN] ✅ 1 个候选，已写入 /home/ubuntu/.openclaw/workspace/funding_rebound/funding_candidates.json
   DEXEUSDT               short  费率=-0.3053%  倒计时=4.7s  周期=1h
[SCAN] 开始扫描，等待到 55 秒…
[WAIT] 等待 52.6s 到 02:59:55…
[SCAN] ✅ 1 个候选，已写入 /home/ubuntu/.openclaw/workspace/funding_rebound/funding_candidates.json
   DEXEUSDT               short  费率=-0.2515%  倒计时=4.7s  周期=1h
[SCAN] 开始扫描，等待到 55 秒…
[WAIT] 等待 53.0s 到 03:59:55…
[SCAN] ✅ 3 个候选，已写入 /home/ubuntu/.openclaw/workspace/funding_rebound/funding_candidates.json
   TLMUSDT                short  费率=-0.4582%  倒计时=4.7s  周期=4h
   VANRYUSDT              short  费率=-1.0673%  倒计时=4.7s  周期=4h
   DEXEUSDT               short  费率=-0.2736%  倒计时=4.7s  周期=1h
[SCAN] 开始扫描，等待到 55 秒…
[WAIT] 等待 52.5s 到 04:59:55…
[SCAN] ❌ 零候选
[SCAN] 开始扫描，等待到 55 秒…
[WAIT] 等待 53.0s 到 05:59:55…
[SCAN] ❌ 零候选
[SCAN] 开始扫描，等待到 55 秒…
[WAIT] 等待 53.9s 到 06:59:55…
[SCAN] ❌ 零候选
[SCAN] 开始扫描，等待到 55 秒…
[WAIT] 等待 54.2s 到 07:59:55…
[SCAN] ✅ 3 个候选，已写入 /home/ubuntu/.openclaw/workspace/funding_rebound/funding_candidates.json
   TLMUSDT                short  费率=-0.2700%  倒计时=4.6s  周期=4h
   VANRYUSDT              short  费率=-1.0773%  倒计时=4.6s  周期=4h
   EULUSDT                short  费率=-0.2803%  倒计时=4.6s  周期=4h
[SCAN] 开始扫描，等待到 55 秒…
[WAIT] 等待 52.7s 到 08:59:55…
[SCAN] ✅ 1 个候选，已写入 /home/ubuntu/.openclaw/workspace/funding_rebound/funding_candidates.json
   DEXEUSDT               short  费率=-0.3004%  倒计时=4.6s  周期=1h
[SCAN] 开始扫描，等待到 55 秒…
[WAIT] 等待 53.2s 到 09:59:55…
[SCAN] ✅ 1 个候选，已写入 /home/ubuntu/.openclaw/workspace/funding_rebound/funding_candidates.json
   DEXEUSDT               short  费率=-0.4608%  倒计时=4.6s  周期=1h
[SCAN] 开始扫描，等待到 55 秒…
[WAIT] 等待 54.2s 到 10:59:55…
[SCAN] ❌ 零候选
[SCAN] 开始扫描，等待到 55 秒…
[WAIT] 等待 53.8s 到 11:59:55…
[SCAN] ✅ 4 个候选，已写入 /home/ubuntu/.openclaw/workspace/funding_rebound/funding_candidates.json
   TLMUSDT                short  费率=-0.2517%  倒计时=4.6s  周期=4h
   VANRYUSDT              short  费率=-0.8484%  倒计时=4.6s  周期=4h
   TUSDT                  short  费率=-0.3134%  倒计时=4.6s  周期=4h
   EULUSDT                short  费率=-0.4518%  倒计时=4.6s  周期=4h
[SCAN] 开始扫描，等待到 55 秒…
[WAIT] 等待 53.2s 到 12:59:55…
[SCAN] ❌ 零候选
[SCAN] 开始扫描，等待到 55 秒…
[WAIT] 等待 52.8s 到 13:59:55…
[SCAN] ✅ 1 个候选，已写入 /home/ubuntu/.openclaw/workspace/funding_rebound/funding_candidates.json
   DEXEUSDT               short  费率=-0.2563%  倒计时=4.6s  周期=1h
[SCAN] 开始扫描，等待到 55 秒…
[WAIT] 等待 53.8s 到 14:59:55…
[SCAN] ✅ 1 个候选，已写入 /home/ubuntu/.openclaw/workspace/funding_rebound/funding_candidates.json
   DEXEUSDT               short  费率=-0.3567%  倒计时=4.6s  周期=1h
[SCAN] 开始扫描，等待到 55 秒…
[WAIT] 等待 53.1s 到 15:59:55…
[SCAN] ✅ 4 个候选，已写入 /home/ubuntu/.openclaw/workspace/funding_rebound/funding_candidates.json
   TLMUSDT                short  费率=-0.3539%  倒计时=4.7s  周期=4h
   VANRYUSDT              short  费率=-0.6842%  倒计时=4.7s  周期=4h
   DEXEUSDT               short  费率=-0.2868%  倒计时=4.7s  周期=1h
   EULUSDT                short  费率=-0.2985%  倒计时=4.7s  周期=4h
