[OPEN] 开始开仓，等待到 1 秒…
[WAIT] 等待 58.9s 到 15:02:01…
[OPEN] ❌ 无候选文件，跳过
[OPEN] 开始开仓，等待到 1 秒…
[WAIT] 等待 58.6s 到 16:02:01…
[OPEN] ❌ 无候选文件，跳过
[OPEN] 开始开仓，等待到 1 秒…
[WAIT] 等待 59.1s 到 17:02:01…
[OPEN] 候选 1 个，开始开仓…
[OPEN] ✅ 已设置单向持仓模式 (one_way_mode)
   ❌ DEXEUSDT/USDT:USDT 开仓失败: bitget does not have market symbol DEXEUSDT/USDT:USDT
[OPEN] ✅ 完成，删除候选文件，共开 0 笔
[OPEN] 开始开仓，等待到 1 秒…
[WAIT] 等待 58.7s 到 18:02:01…
[OPEN] 候选 1 个，开始开仓…
[OPEN] ✅ 已设置单向持仓模式 (one_way_mode)
   ✅ DEXE/USDT:USDT sell 7.0张 @ 3.41 (保证金 5U × 5x) orderId=1465213842815094785
[OPEN] ✅ 完成，删除候选文件，共开 1 笔
[OPEN] 开始开仓，等待到 1 秒…
[WAIT] 等待 58.5s 到 19:01:01…
[OPEN] 候选 1 个，开始开仓…
[OPEN] ✅ 已设置单向持仓模式 (one_way_mode)
   ⏭ DEXE/USDT:USDT 已有持仓，跳过
[OPEN] ✅ 完成，删除候选文件，共开 0 笔
[OPEN] 开始开仓，等待到 1 秒…
[WAIT] 等待 58.5s 到 20:01:01…
[OPEN] 候选 5 个，开始开仓…
[OPEN] ✅ 已设置单向持仓模式 (one_way_mode)
   ✅ TLM/USDT:USDT sell 15105.7张 @ 0.001655 (保证金 5U × 5x) orderId=1465243793643704321
   ✅ LPT/USDT:USDT sell 16.0张 @ 1.545 (保证金 5U × 5x) orderId=1465243796617465857
   ✅ VANRY/USDT:USDT sell 5875.4张 @ 0.004255 (保证金 5U × 5x) orderId=1465243799549284354
   ✅ DEXE/USDT:USDT sell 7.0张 @ 3.309 (保证金 5U × 5x) orderId=1465243803043139585
   ✅ EUL/USDT:USDT sell 9.0张 @ 2.515 (保证金 5U × 5x) orderId=1465243805966569478
[OPEN] ✅ 完成，删除候选文件，共开 5 笔
[OPEN] 开始开仓，等待到 1 秒…
[WAIT] 等待 58.5s 到 21:01:01…
[OPEN] 候选 1 个，开始开仓…
[OPEN] ✅ 已设置单向持仓模式 (one_way_mode)
   ✅ DEXE/USDT:USDT sell 6.0张 @ 3.811 (保证金 5U × 5x) orderId=1465258889954627585
[OPEN] ✅ 完成，删除候选文件，共开 1 笔
[OPEN] 开始开仓，等待到 1 秒…
[WAIT] 等待 58.0s 到 22:01:01…
[OPEN] 候选 1 个，开始开仓…
[OPEN] ✅ 已设置单向持仓模式 (one_way_mode)
   ✅ DEXE/USDT:USDT sell 7.0张 @ 3.541 (保证金 5U × 5x) orderId=1465273990073978909
[OPEN] ✅ 完成，删除候选文件，共开 1 笔
[OPEN] 候选 1 个，开始开仓…
[OPEN] ✅ 已设置单向持仓模式 (one_way_mode)
   ✅ DEXE/USDT:USDT sell 6.0张 @ 3.627 (保证金 5U × 5x) orderId=1465288844742660098
[OPEN] ✅ 完成，删除候选文件，共开 1 笔
[OPEN] 候选 5 个，开始开仓…
[OPEN] ✅ 已设置单向持仓模式 (one_way_mode)
   ✅ TLM/USDT:USDT sell 15006.0张 @ 0.001666 (保证金 5U × 5x) orderId=1465303951363182594
   ✅ VANRY/USDT:USDT sell 5928.3张 @ 0.004217 (保证金 5U × 5x) orderId=1465303953619718177
   ✅ DEXE/USDT:USDT sell 7.0张 @ 3.535 (保证金 5U × 5x) orderId=1465303955842699315
   ✅ EUL/USDT:USDT sell 10.0张 @ 2.498 (保证金 5U × 5x) orderId=1465303958086651928
   ✅ ESP/USDT:USDT sell 268.6张 @ 0.093071 (保证金 5U × 5x) orderId=1465303960368353293
[OPEN] ✅ 完成，删除候选文件，共开 5 笔
[OPEN] 候选 1 个，开始开仓…
[OPEN] ✅ 已设置单向持仓模式 (one_way_mode)
   ✅ DEXE/USDT:USDT sell 7.0张 @ 3.362 (保证金 5U × 5x) orderId=1465319040573149185
[OPEN] ✅ 完成，删除候选文件，共开 1 笔
[OPEN] 候选 1 个，开始开仓…
[OPEN] ✅ 已设置单向持仓模式 (one_way_mode)
   ⏭ DEXE/USDT:USDT 已有持仓，跳过
[OPEN] ✅ 完成，删除候选文件，共开 0 笔
[OPEN] 候选 1 个，开始开仓…
[OPEN] ✅ 已设置单向持仓模式 (one_way_mode)
   ⏭ DEXE/USDT:USDT 已有持仓，跳过
[OPEN] ✅ 完成，删除候选文件，共开 0 笔
[OPEN] 候选 3 个，开始开仓…
[OPEN] ✅ 已设置单向持仓模式 (one_way_mode)
   ✅ TLM/USDT:USDT sell 14156.2张 @ 0.001766 (保证金 5U × 5x) orderId=1465364340549521410
   ✅ VANRY/USDT:USDT sell 5938.2张 @ 0.00421 (保证金 5U × 5x) orderId=1465364342730559489
   ⏭ DEXE/USDT:USDT 已有持仓，跳过
[OPEN] ✅ 完成，删除候选文件，共开 2 笔
[OPEN] ❌ 无候选文件，跳过
[OPEN] ❌ 无候选文件，跳过
[OPEN] ❌ 无候选文件，跳过
[OPEN] 候选 3 个，开始开仓…
[OPEN] ✅ 已设置单向持仓模式 (one_way_mode)
   ✅ TLM/USDT:USDT sell 14880.9张 @ 0.00168 (保证金 5U × 5x) orderId=1465424740959817760
   ✅ VANRY/USDT:USDT sell 6043.0张 @ 0.004137 (保证金 5U × 5x) orderId=1465424743853887559
   ✅ EUL/USDT:USDT sell 11.0张 @ 2.272 (保证金 5U × 5x) orderId=1465424746848620608
[OPEN] ✅ 完成，删除候选文件，共开 3 笔
[OPEN] 候选 1 个，开始开仓…
[OPEN] ✅ 已设置单向持仓模式 (one_way_mode)
   ✅ DEXE/USDT:USDT sell 7.0张 @ 3.484 (保证金 5U × 5x) orderId=1465439838818439168
[OPEN] ✅ 完成，删除候选文件，共开 1 笔
[OPEN] 候选 1 个，开始开仓…
[OPEN] ✅ 已设置单向持仓模式 (one_way_mode)
   ✅ DEXE/USDT:USDT sell 7.0张 @ 3.181 (保证金 5U × 5x) orderId=1465454937054547970
[OPEN] ✅ 完成，删除候选文件，共开 1 笔
[OPEN] ❌ 无候选文件，跳过
[OPEN] 候选 4 个，开始开仓…
[OPEN] ✅ 已设置单向持仓模式 (one_way_mode)
   ✅ TLM/USDT:USDT sell 15060.2张 @ 0.00166 (保证金 5U × 5x) orderId=1465485136764768269
   ✅ VANRY/USDT:USDT sell 6163.7张 @ 0.004056 (保证金 5U × 5x) orderId=1465485139029692428
   ✅ T/USDT:USDT sell 6888.9501240011张 @ 0.003629 (保证金 5U × 5x) orderId=1465485141290422282
   ✅ EUL/USDT:USDT sell 12.0张 @ 2.04 (保证金 5U × 5x) orderId=1465485143479848961
[OPEN] ✅ 完成，删除候选文件，共开 4 笔
[OPEN] ❌ 无候选文件，跳过
[OPEN] 候选 1 个，开始开仓…
[OPEN] ✅ 已设置单向持仓模式 (one_way_mode)
   ✅ DEXE/USDT:USDT sell 7.0张 @ 3.191 (保证金 5U × 5x) orderId=1465515335279611908
[OPEN] ✅ 完成，删除候选文件，共开 1 笔
[OPEN] 候选 1 个，开始开仓…
[OPEN] ✅ 已设置单向持仓模式 (one_way_mode)
   ✅ DEXE/USDT:USDT sell 8.0张 @ 3.08 (保证金 5U × 5x) orderId=1465530438368530435
[OPEN] ✅ 完成，删除候选文件，共开 1 笔
[OPEN] 候选 4 个，开始开仓…
[OPEN] ✅ 已设置单向持仓模式 (one_way_mode)
   ✅ TLM/USDT:USDT sell 15337.4张 @ 0.00163 (保证金 5U × 5x) orderId=1465545534570401809
   ✅ VANRY/USDT:USDT sell 6375.9张 @ 0.003921 (保证金 5U × 5x) orderId=1465545537892290596
   ✅ DEXE/USDT:USDT sell 8.0张 @ 2.924 (保证金 5U × 5x) orderId=1465545540501147652
   ✅ EUL/USDT:USDT sell 12.0张 @ 1.938 (保证金 5U × 5x) orderId=1465545545693696022
[OPEN] ✅ 完成，删除候选文件，共开 4 笔
